Archive member included to satisfy reference by file (symbol)

c:/program files (x86)/atmel/studio/7.0/toolchain/avr8/avr8-gnu-toolchain/bin/../lib/gcc/avr/5.4.0/avr5\libgcc.a(_exit.o)
                              C:/Program Files (x86)/Atmel/Studio/7.0/Packs/atmel/ATmega_DFP/1.7.374/gcc/dev/atmega32a/avr5/crtatmega32a.o (exit)
c:/program files (x86)/atmel/studio/7.0/toolchain/avr8/avr8-gnu-toolchain/bin/../lib/gcc/avr/5.4.0/avr5\libgcc.a(_clear_bss.o)
                              Application/application.o (__do_clear_bss)

Allocating common symbols
Common symbol       size              file

i                   0x2               Application/application.o

Discarded input sections

 .data          0x00000000        0x0 C:/Program Files (x86)/Atmel/Studio/7.0/Packs/atmel/ATmega_DFP/1.7.374/gcc/dev/atmega32a/avr5/crtatmega32a.o
 .bss           0x00000000        0x0 C:/Program Files (x86)/Atmel/Studio/7.0/Packs/atmel/ATmega_DFP/1.7.374/gcc/dev/atmega32a/avr5/crtatmega32a.o
 .text          0x00000000        0x0 Application/application.o
 .data          0x00000000        0x0 Application/application.o
 .bss           0x00000000        0x0 Application/application.o
 .text          0x00000000        0x0 Button Driver/Button.o
 .data          0x00000000        0x0 Button Driver/Button.o
 .bss           0x00000000        0x0 Button Driver/Button.o
 .text.BUTTON_init
                0x00000000        0xe Button Driver/Button.o
 .text.BUTTON_read
                0x00000000        0xc Button Driver/Button.o
 .debug_info    0x00000000      0x11e Button Driver/Button.o
 .debug_abbrev  0x00000000       0x89 Button Driver/Button.o
 .debug_loc     0x00000000       0xd6 Button Driver/Button.o
 .debug_aranges
                0x00000000       0x28 Button Driver/Button.o
 .debug_ranges  0x00000000       0x18 Button Driver/Button.o
 .debug_line    0x00000000       0xb4 Button Driver/Button.o
 .debug_str     0x00000000      0x176 Button Driver/Button.o
 .comment       0x00000000       0x31 Button Driver/Button.o
 .debug_frame   0x00000000       0x34 Button Driver/Button.o
 .text          0x00000000        0x0 Delay Driver/Delay.o
 .data          0x00000000        0x0 Delay Driver/Delay.o
 .bss           0x00000000        0x0 Delay Driver/Delay.o
 .text          0x00000000        0x0 DIO Driver/DIO.o
 .data          0x00000000        0x0 DIO Driver/DIO.o
 .bss           0x00000000        0x0 DIO Driver/DIO.o
 .text.DIO_toggle
                0x00000000       0x7e DIO Driver/DIO.o
 .text.DIO_read
                0x00000000       0xd0 DIO Driver/DIO.o
 .text          0x00000000        0x0 Interrupt Library/interrupt.o
 .data          0x00000000        0x0 Interrupt Library/interrupt.o
 .bss           0x00000000        0x0 Interrupt Library/interrupt.o
 .text          0x00000000        0x0 LED Driver/LED.o
 .data          0x00000000        0x0 LED Driver/LED.o
 .bss           0x00000000        0x0 LED Driver/LED.o
 .text.LED_toggle
                0x00000000        0xc LED Driver/LED.o
 .text          0x00000000        0x0 main.o
 .data          0x00000000        0x0 main.o
 .bss           0x00000000        0x0 main.o
 .text          0x00000000        0x0 c:/program files (x86)/atmel/studio/7.0/toolchain/avr8/avr8-gnu-toolchain/bin/../lib/gcc/avr/5.4.0/avr5\libgcc.a(_exit.o)
 .data          0x00000000        0x0 c:/program files (x86)/atmel/studio/7.0/toolchain/avr8/avr8-gnu-toolchain/bin/../lib/gcc/avr/5.4.0/avr5\libgcc.a(_exit.o)
 .bss           0x00000000        0x0 c:/program files (x86)/atmel/studio/7.0/toolchain/avr8/avr8-gnu-toolchain/bin/../lib/gcc/avr/5.4.0/avr5\libgcc.a(_exit.o)
 .text.libgcc.mul
                0x00000000        0x0 c:/program files (x86)/atmel/studio/7.0/toolchain/avr8/avr8-gnu-toolchain/bin/../lib/gcc/avr/5.4.0/avr5\libgcc.a(_exit.o)
 .text.libgcc.div
                0x00000000        0x0 c:/program files (x86)/atmel/studio/7.0/toolchain/avr8/avr8-gnu-toolchain/bin/../lib/gcc/avr/5.4.0/avr5\libgcc.a(_exit.o)
 .text.libgcc   0x00000000        0x0 c:/program files (x86)/atmel/studio/7.0/toolchain/avr8/avr8-gnu-toolchain/bin/../lib/gcc/avr/5.4.0/avr5\libgcc.a(_exit.o)
 .text.libgcc.prologue
                0x00000000        0x0 c:/program files (x86)/atmel/studio/7.0/toolchain/avr8/avr8-gnu-toolchain/bin/../lib/gcc/avr/5.4.0/avr5\libgcc.a(_exit.o)
 .text.libgcc.builtins
                0x00000000        0x0 c:/program files (x86)/atmel/studio/7.0/toolchain/avr8/avr8-gnu-toolchain/bin/../lib/gcc/avr/5.4.0/avr5\libgcc.a(_exit.o)
 .text.libgcc.fmul
                0x00000000        0x0 c:/program files (x86)/atmel/studio/7.0/toolchain/avr8/avr8-gnu-toolchain/bin/../lib/gcc/avr/5.4.0/avr5\libgcc.a(_exit.o)
 .text.libgcc.fixed
                0x00000000        0x0 c:/program files (x86)/atmel/studio/7.0/toolchain/avr8/avr8-gnu-toolchain/bin/../lib/gcc/avr/5.4.0/avr5\libgcc.a(_exit.o)
 .text          0x00000000        0x0 c:/program files (x86)/atmel/studio/7.0/toolchain/avr8/avr8-gnu-toolchain/bin/../lib/gcc/avr/5.4.0/avr5\libgcc.a(_clear_bss.o)
 .data          0x00000000        0x0 c:/program files (x86)/atmel/studio/7.0/toolchain/avr8/avr8-gnu-toolchain/bin/../lib/gcc/avr/5.4.0/avr5\libgcc.a(_clear_bss.o)
 .bss           0x00000000        0x0 c:/program files (x86)/atmel/studio/7.0/toolchain/avr8/avr8-gnu-toolchain/bin/../lib/gcc/avr/5.4.0/avr5\libgcc.a(_clear_bss.o)
 .text.libgcc.mul
                0x00000000        0x0 c:/program files (x86)/atmel/studio/7.0/toolchain/avr8/avr8-gnu-toolchain/bin/../lib/gcc/avr/5.4.0/avr5\libgcc.a(_clear_bss.o)
 .text.libgcc.div
                0x00000000        0x0 c:/program files (x86)/atmel/studio/7.0/toolchain/avr8/avr8-gnu-toolchain/bin/../lib/gcc/avr/5.4.0/avr5\libgcc.a(_clear_bss.o)
 .text.libgcc   0x00000000        0x0 c:/program files (x86)/atmel/studio/7.0/toolchain/avr8/avr8-gnu-toolchain/bin/../lib/gcc/avr/5.4.0/avr5\libgcc.a(_clear_bss.o)
 .text.libgcc.prologue
                0x00000000        0x0 c:/program files (x86)/atmel/studio/7.0/toolchain/avr8/avr8-gnu-toolchain/bin/../lib/gcc/avr/5.4.0/avr5\libgcc.a(_clear_bss.o)
 .text.libgcc.builtins
                0x00000000        0x0 c:/program files (x86)/atmel/studio/7.0/toolchain/avr8/avr8-gnu-toolchain/bin/../lib/gcc/avr/5.4.0/avr5\libgcc.a(_clear_bss.o)
 .text.libgcc.fmul
                0x00000000        0x0 c:/program files (x86)/atmel/studio/7.0/toolchain/avr8/avr8-gnu-toolchain/bin/../lib/gcc/avr/5.4.0/avr5\libgcc.a(_clear_bss.o)
 .text.libgcc.fixed
                0x00000000        0x0 c:/program files (x86)/atmel/studio/7.0/toolchain/avr8/avr8-gnu-toolchain/bin/../lib/gcc/avr/5.4.0/avr5\libgcc.a(_clear_bss.o)

Memory Configuration

Name             Origin             Length             Attributes
text             0x00000000         0x00008000         xr
data             0x00800060         0x00000800         rw !x
eeprom           0x00810000         0x00000400         rw !x
fuse             0x00820000         0x00000002         rw !x
lock             0x00830000         0x00000400         rw !x
signature        0x00840000         0x00000400         rw !x
user_signatures  0x00850000         0x00000400         rw !x
*default*        0x00000000         0xffffffff

Linker script and memory map

LOAD C:/Program Files (x86)/Atmel/Studio/7.0/Packs/atmel/ATmega_DFP/1.7.374/gcc/dev/atmega32a/avr5/crtatmega32a.o
LOAD Application/application.o
LOAD Button Driver/Button.o
LOAD Delay Driver/Delay.o
LOAD DIO Driver/DIO.o
LOAD Interrupt Library/interrupt.o
LOAD LED Driver/LED.o
LOAD main.o
START GROUP
LOAD c:/program files (x86)/atmel/studio/7.0/toolchain/avr8/avr8-gnu-toolchain/bin/../lib/gcc/avr/5.4.0/../../../../avr/lib/avr5\libm.a
END GROUP
START GROUP
LOAD c:/program files (x86)/atmel/studio/7.0/toolchain/avr8/avr8-gnu-toolchain/bin/../lib/gcc/avr/5.4.0/avr5\libgcc.a
LOAD c:/program files (x86)/atmel/studio/7.0/toolchain/avr8/avr8-gnu-toolchain/bin/../lib/gcc/avr/5.4.0/../../../../avr/lib/avr5\libm.a
LOAD c:/program files (x86)/atmel/studio/7.0/toolchain/avr8/avr8-gnu-toolchain/bin/../lib/gcc/avr/5.4.0/../../../../avr/lib/avr5\libc.a
LOAD C:/Program Files (x86)/Atmel/Studio/7.0/Packs/atmel/ATmega_DFP/1.7.374/gcc/dev/atmega32a/avr5\libatmega32a.a
END GROUP
                [0x00000000]                __TEXT_REGION_ORIGIN__ = DEFINED (__TEXT_REGION_ORIGIN__)?__TEXT_REGION_ORIGIN__:0x0
                [0x00800060]                __DATA_REGION_ORIGIN__ = DEFINED (__DATA_REGION_ORIGIN__)?__DATA_REGION_ORIGIN__:0x800060
                [0x00008000]                __TEXT_REGION_LENGTH__ = DEFINED (__TEXT_REGION_LENGTH__)?__TEXT_REGION_LENGTH__:0x20000
                [0x00000800]                __DATA_REGION_LENGTH__ = DEFINED (__DATA_REGION_LENGTH__)?__DATA_REGION_LENGTH__:0xffa0
                [0x00000400]                __EEPROM_REGION_LENGTH__ = DEFINED (__EEPROM_REGION_LENGTH__)?__EEPROM_REGION_LENGTH__:0x10000
                [0x00000002]                __FUSE_REGION_LENGTH__ = DEFINED (__FUSE_REGION_LENGTH__)?__FUSE_REGION_LENGTH__:0x400
                0x00000400                __LOCK_REGION_LENGTH__ = DEFINED (__LOCK_REGION_LENGTH__)?__LOCK_REGION_LENGTH__:0x400
                0x00000400                __SIGNATURE_REGION_LENGTH__ = DEFINED (__SIGNATURE_REGION_LENGTH__)?__SIGNATURE_REGION_LENGTH__:0x400
                0x00000400                __USER_SIGNATURE_REGION_LENGTH__ = DEFINED (__USER_SIGNATURE_REGION_LENGTH__)?__USER_SIGNATURE_REGION_LENGTH__:0x400

.hash
 *(.hash)

.dynsym
 *(.dynsym)

.dynstr
 *(.dynstr)

.gnu.version
 *(.gnu.version)

.gnu.version_d
 *(.gnu.version_d)

.gnu.version_r
 *(.gnu.version_r)

.rel.init
 *(.rel.init)

.rela.init
 *(.rela.init)

.rel.text
 *(.rel.text)
 *(.rel.text.*)
 *(.rel.gnu.linkonce.t*)

.rela.text
 *(.rela.text)
 *(.rela.text.*)
 *(.rela.gnu.linkonce.t*)

.rel.fini
 *(.rel.fini)

.rela.fini
 *(.rela.fini)

.rel.rodata
 *(.rel.rodata)
 *(.rel.rodata.*)
 *(.rel.gnu.linkonce.r*)

.rela.rodata
 *(.rela.rodata)
 *(.rela.rodata.*)
 *(.rela.gnu.linkonce.r*)

.rel.data
 *(.rel.data)
 *(.rel.data.*)
 *(.rel.gnu.linkonce.d*)

.rela.data
 *(.rela.data)
 *(.rela.data.*)
 *(.rela.gnu.linkonce.d*)

.rel.ctors
 *(.rel.ctors)

.rela.ctors
 *(.rela.ctors)

.rel.dtors
 *(.rel.dtors)

.rela.dtors
 *(.rela.dtors)

.rel.got
 *(.rel.got)

.rela.got
 *(.rela.got)

.rel.bss
 *(.rel.bss)

.rela.bss
 *(.rela.bss)

.rel.plt
 *(.rel.plt)

.rela.plt
 *(.rela.plt)

.text           0x00000000      0x65e
 *(.vectors)
 .vectors       0x00000000       0x54 C:/Program Files (x86)/Atmel/Studio/7.0/Packs/atmel/ATmega_DFP/1.7.374/gcc/dev/atmega32a/avr5/crtatmega32a.o
                0x00000000                __vector_default
                0x00000000                __vectors
 *(.vectors)
 *(.progmem.gcc*)
                0x00000054                . = ALIGN (0x2)
                0x00000054                __trampolines_start = .
 *(.trampolines)
 .trampolines   0x00000054        0x0 linker stubs
 *(.trampolines*)
                0x00000054                __trampolines_end = .
 *libprintf_flt.a:*(.progmem.data)
 *libc.a:*(.progmem.data)
 *(.progmem*)
                0x00000054                . = ALIGN (0x2)
 *(.jumptables)
 *(.jumptables*)
 *(.lowtext)
 *(.lowtext*)
                0x00000054                __ctors_start = .
 *(.ctors)
                0x00000054                __ctors_end = .
                0x00000054                __dtors_start = .
 *(.dtors)
                0x00000054                __dtors_end = .
 SORT(*)(.ctors)
 SORT(*)(.dtors)
 *(.init0)
 .init0         0x00000054        0x0 C:/Program Files (x86)/Atmel/Studio/7.0/Packs/atmel/ATmega_DFP/1.7.374/gcc/dev/atmega32a/avr5/crtatmega32a.o
                0x00000054                __init
 *(.init0)
 *(.init1)
 *(.init1)
 *(.init2)
 .init2         0x00000054        0xc C:/Program Files (x86)/Atmel/Studio/7.0/Packs/atmel/ATmega_DFP/1.7.374/gcc/dev/atmega32a/avr5/crtatmega32a.o
 *(.init2)
 *(.init3)
 *(.init3)
 *(.init4)
 .init4         0x00000060       0x10 c:/program files (x86)/atmel/studio/7.0/toolchain/avr8/avr8-gnu-toolchain/bin/../lib/gcc/avr/5.4.0/avr5\libgcc.a(_clear_bss.o)
                0x00000060                __do_clear_bss
 *(.init4)
 *(.init5)
 *(.init5)
 *(.init6)
 *(.init6)
 *(.init7)
 *(.init7)
 *(.init8)
 *(.init8)
 *(.init9)
 .init9         0x00000070        0x8 C:/Program Files (x86)/Atmel/Studio/7.0/Packs/atmel/ATmega_DFP/1.7.374/gcc/dev/atmega32a/avr5/crtatmega32a.o
 *(.init9)
 *(.text)
 .text          0x00000078        0x4 C:/Program Files (x86)/Atmel/Studio/7.0/Packs/atmel/ATmega_DFP/1.7.374/gcc/dev/atmega32a/avr5/crtatmega32a.o
                0x00000078                __vector_12
                0x00000078                __bad_interrupt
                0x00000078                __vector_6
                0x00000078                __vector_3
                0x00000078                __vector_11
                0x00000078                __vector_13
                0x00000078                __vector_17
                0x00000078                __vector_19
                0x00000078                __vector_7
                0x00000078                __vector_5
                0x00000078                __vector_4
                0x00000078                __vector_9
                0x00000078                __vector_2
                0x00000078                __vector_15
                0x00000078                __vector_8
                0x00000078                __vector_14
                0x00000078                __vector_10
                0x00000078                __vector_16
                0x00000078                __vector_18
                0x00000078                __vector_20
                0x0000007c                . = ALIGN (0x2)
 *(.text.*)
 .text.BOTH_G_LED_ON
                0x0000007c       0x52 Application/application.o
                0x0000007c                BOTH_G_LED_ON
 .text.BOTH_YR_LED_BLINK
                0x000000ce       0x6a Application/application.o
                0x000000ce                BOTH_YR_LED_BLINK
 .text.check    0x00000138      0x102 Application/application.o
                0x00000138                check
 .text.BOTH_R_LED_ON
                0x0000023a       0x62 Application/application.o
                0x0000023a                BOTH_R_LED_ON
 .text.BOTH_YG_LED_BLINK
                0x0000029c       0x6a Application/application.o
                0x0000029c                BOTH_YG_LED_BLINK
 .text.APP_init
                0x00000306       0x3a Application/application.o
                0x00000306                APP_init
 .text.APP_start
                0x00000340       0x12 Application/application.o
                0x00000340                APP_start
 .text.__vector_1
                0x00000352       0x5c Application/application.o
                0x00000352                __vector_1
 .text.Delay_init
                0x000003ae        0xa Delay Driver/Delay.o
                0x000003ae                Delay_init
 .text.Delay    0x000003b8       0x28 Delay Driver/Delay.o
                0x000003b8                Delay
 .text.DIO_init
                0x000003e0      0x116 DIO Driver/DIO.o
                0x000003e0                DIO_init
 .text.DIO_write
                0x000004f6      0x116 DIO Driver/DIO.o
                0x000004f6                DIO_write
 .text.interrupt_init
                0x0000060c       0x16 Interrupt Library/interrupt.o
                0x0000060c                interrupt_init
 .text.LED_init
                0x00000622        0xe LED Driver/LED.o
                0x00000622                LED_init
 .text.LED_on   0x00000630        0xe LED Driver/LED.o
                0x00000630                LED_on
 .text.LED_off  0x0000063e        0xe LED Driver/LED.o
                0x0000063e                LED_off
 .text.main     0x0000064c        0xe main.o
                0x0000064c                main
                0x0000065a                . = ALIGN (0x2)
 *(.fini9)
 .fini9         0x0000065a        0x0 c:/program files (x86)/atmel/studio/7.0/toolchain/avr8/avr8-gnu-toolchain/bin/../lib/gcc/avr/5.4.0/avr5\libgcc.a(_exit.o)
                0x0000065a                _exit
                0x0000065a                exit
 *(.fini9)
 *(.fini8)
 *(.fini8)
 *(.fini7)
 *(.fini7)
 *(.fini6)
 *(.fini6)
 *(.fini5)
 *(.fini5)
 *(.fini4)
 *(.fini4)
 *(.fini3)
 *(.fini3)
 *(.fini2)
 *(.fini2)
 *(.fini1)
 *(.fini1)
 *(.fini0)
 .fini0         0x0000065a        0x4 c:/program files (x86)/atmel/studio/7.0/toolchain/avr8/avr8-gnu-toolchain/bin/../lib/gcc/avr/5.4.0/avr5\libgcc.a(_exit.o)
 *(.fini0)
                0x0000065e                _etext = .

.data           0x00800060        0x0 load address 0x0000065e
                [!provide]                PROVIDE (__data_start, .)
 *(.data)
 *(.data*)
 *(.gnu.linkonce.d*)
 *(.rodata)
 *(.rodata*)
 *(.gnu.linkonce.r*)
                0x00800060                . = ALIGN (0x2)
                0x00800060                _edata = .
                [!provide]                PROVIDE (__data_end, .)

.bss            0x00800060        0x6
                0x00800060                PROVIDE (__bss_start, .)
 *(.bss)
 *(.bss*)
 .bss.y         0x00800060        0x2 Application/application.o
                0x00800060                y
 .bss.x         0x00800062        0x2 Application/application.o
                0x00800062                x
 *(COMMON)
 COMMON         0x00800064        0x2 Application/application.o
                0x00800064                i
                0x00800066                PROVIDE (__bss_end, .)
                0x0000065e                __data_load_start = LOADADDR (.data)
                0x0000065e                __data_load_end = (__data_load_start + SIZEOF (.data))

.noinit         0x00800066        0x0
                [!provide]                PROVIDE (__noinit_start, .)
 *(.noinit*)
                [!provide]                PROVIDE (__noinit_end, .)
                0x00800066                _end = .
                [!provide]                PROVIDE (__heap_start, .)

.eeprom         0x00810000        0x0
 *(.eeprom*)
                0x00810000                __eeprom_end = .

.fuse
 *(.fuse)
 *(.lfuse)
 *(.hfuse)
 *(.efuse)

.lock
 *(.lock*)

.signature
 *(.signature*)

.user_signatures
 *(.user_signatures*)

.stab
 *(.stab)

.stabstr
 *(.stabstr)

.stab.excl
 *(.stab.excl)

.stab.exclstr
 *(.stab.exclstr)

.stab.index
 *(.stab.index)

.stab.indexstr
 *(.stab.indexstr)

.comment        0x00000000       0x30
 *(.comment)
 .comment       0x00000000       0x30 Application/application.o
                                 0x31 (size before relaxing)
 .comment       0x00000030       0x31 Delay Driver/Delay.o
 .comment       0x00000030       0x31 DIO Driver/DIO.o
 .comment       0x00000030       0x31 Interrupt Library/interrupt.o
 .comment       0x00000030       0x31 LED Driver/LED.o
 .comment       0x00000030       0x31 main.o

.note.gnu.avr.deviceinfo
                0x00000000       0x3c
 .note.gnu.avr.deviceinfo
                0x00000000       0x3c C:/Program Files (x86)/Atmel/Studio/7.0/Packs/atmel/ATmega_DFP/1.7.374/gcc/dev/atmega32a/avr5/crtatmega32a.o

.note.gnu.build-id
 *(.note.gnu.build-id)

.debug
 *(.debug)

.line
 *(.line)

.debug_srcinfo
 *(.debug_srcinfo)

.debug_sfnames
 *(.debug_sfnames)

.debug_aranges  0x00000000      0x130
 *(.debug_aranges)
 .debug_aranges
                0x00000000       0x58 Application/application.o
 .debug_aranges
                0x00000058       0x28 Delay Driver/Delay.o
 .debug_aranges
                0x00000080       0x38 DIO Driver/DIO.o
 .debug_aranges
                0x000000b8       0x20 Interrupt Library/interrupt.o
 .debug_aranges
                0x000000d8       0x38 LED Driver/LED.o
 .debug_aranges
                0x00000110       0x20 main.o

.debug_pubnames
 *(.debug_pubnames)

.debug_info     0x00000000      0xe5d
 *(.debug_info .gnu.linkonce.wi.*)
 .debug_info    0x00000000      0x4e6 C:/Program Files (x86)/Atmel/Studio/7.0/Packs/atmel/ATmega_DFP/1.7.374/gcc/dev/atmega32a/avr5/crtatmega32a.o
 .debug_info    0x000004e6      0x518 Application/application.o
 .debug_info    0x000009fe       0x81 Delay Driver/Delay.o
 .debug_info    0x00000a7f      0x154 DIO Driver/DIO.o
 .debug_info    0x00000bd3       0x51 Interrupt Library/interrupt.o
 .debug_info    0x00000c24      0x1b6 LED Driver/LED.o
 .debug_info    0x00000dda       0x83 main.o

.debug_abbrev   0x00000000      0x789
 *(.debug_abbrev)
 .debug_abbrev  0x00000000      0x4a3 C:/Program Files (x86)/Atmel/Studio/7.0/Packs/atmel/ATmega_DFP/1.7.374/gcc/dev/atmega32a/avr5/crtatmega32a.o
 .debug_abbrev  0x000004a3       0xe1 Application/application.o
 .debug_abbrev  0x00000584       0x6d Delay Driver/Delay.o
 .debug_abbrev  0x000005f1       0x6f DIO Driver/DIO.o
 .debug_abbrev  0x00000660       0x44 Interrupt Library/interrupt.o
 .debug_abbrev  0x000006a4       0x80 LED Driver/LED.o
 .debug_abbrev  0x00000724       0x65 main.o

.debug_line     0x00000000      0x8ec
 *(.debug_line .debug_line.* .debug_line_end)
 .debug_line    0x00000000      0x116 C:/Program Files (x86)/Atmel/Studio/7.0/Packs/atmel/ATmega_DFP/1.7.374/gcc/dev/atmega32a/avr5/crtatmega32a.o
 .debug_line    0x00000116      0x36f Application/application.o
 .debug_line    0x00000485       0xc3 Delay Driver/Delay.o
 .debug_line    0x00000548      0x1c6 DIO Driver/DIO.o
 .debug_line    0x0000070e       0x93 Interrupt Library/interrupt.o
 .debug_line    0x000007a1       0xe0 LED Driver/LED.o
 .debug_line    0x00000881       0x6b main.o

.debug_frame    0x00000000      0x1cc
 *(.debug_frame)
 .debug_frame   0x00000000       0xa8 Application/application.o
 .debug_frame   0x000000a8       0x34 Delay Driver/Delay.o
 .debug_frame   0x000000dc       0x54 DIO Driver/DIO.o
 .debug_frame   0x00000130       0x24 Interrupt Library/interrupt.o
 .debug_frame   0x00000154       0x54 LED Driver/LED.o
 .debug_frame   0x000001a8       0x24 main.o

.debug_str      0x00000000      0x449
 *(.debug_str)
 .debug_str     0x00000000      0x196 C:/Program Files (x86)/Atmel/Studio/7.0/Packs/atmel/ATmega_DFP/1.7.374/gcc/dev/atmega32a/avr5/crtatmega32a.o
 .debug_str     0x00000196      0x1c8 Application/application.o
 .debug_str     0x0000035e       0x2d Delay Driver/Delay.o
                                0x14d (size before relaxing)
 .debug_str     0x0000038b       0x5e DIO Driver/DIO.o
                                0x175 (size before relaxing)
 .debug_str     0x000003e9       0x21 Interrupt Library/interrupt.o
                                0x147 (size before relaxing)
 .debug_str     0x0000040a       0x2e LED Driver/LED.o
                                0x17b (size before relaxing)
 .debug_str     0x00000438       0x11 main.o
                                0x133 (size before relaxing)

.debug_loc      0x00000000      0x7f5
 *(.debug_loc)
 .debug_loc     0x00000000       0x49 Application/application.o
 .debug_loc     0x00000049       0x28 Delay Driver/Delay.o
 .debug_loc     0x00000071      0x624 DIO Driver/DIO.o
 .debug_loc     0x00000695      0x160 LED Driver/LED.o

.debug_macinfo
 *(.debug_macinfo)

.debug_weaknames
 *(.debug_weaknames)

.debug_funcnames
 *(.debug_funcnames)

.debug_typenames
 *(.debug_typenames)

.debug_varnames
 *(.debug_varnames)

.debug_pubtypes
 *(.debug_pubtypes)

.debug_ranges   0x00000000       0xd0
 *(.debug_ranges)
 .debug_ranges  0x00000000       0x48 Application/application.o
 .debug_ranges  0x00000048       0x18 Delay Driver/Delay.o
 .debug_ranges  0x00000060       0x28 DIO Driver/DIO.o
 .debug_ranges  0x00000088       0x10 Interrupt Library/interrupt.o
 .debug_ranges  0x00000098       0x28 LED Driver/LED.o
 .debug_ranges  0x000000c0       0x10 main.o

.debug_macro
 *(.debug_macro)
OUTPUT(test project.elf elf32-avr)
LOAD linker stubs
